backgroundtiles/SPGetTiles
backgroundtiles/SPIterateDList
backgroundtiles/SPPallette
backgroundtiles/SPPrintAt
backgroundtiles/SPPrintAtInv
backgroundtiles/SPPrintAtDiff
backgroundtiles/SPPrintString
backgroundtiles/SPPutTiles
backgroundtiles/SPScreenStr
backgroundtiles/SPTileEntry
blockmemoryalloc/SPAddMemory
blockmemoryalloc/SPBlockFit
blockmemoryalloc/SPBlockAlloc
blockmemoryalloc/SPBlockCount
blockmemoryalloc/SPFreeBlock
blockmemoryalloc/SPInitAlloc
c/sp_AddColSpr
c/_sp_AddColSpr
c/sp_AddColSpr_callee
c/_sp_AddColSpr_callee
c/sp_CreateSpr
c/sp_InitIM2
c/sp_InstallISR
c/sp_IterateSprChar
c/sp_ListFree
c/sp_ListSearch
c/sp_PrintAt
c/sp_PrintAt_callee
c/sp_PrintAtInv
c/sp_PrintAtInv_callee
c/sp_RegisterHookFirst
c/sp_RegisterHookLast
c/sp_RegisterHook
c/sp_RemoveHook
c/sp_UpdateNow
c/sp_UpdateNowEx
c/sp_WaitForKey
c/sp_WaitForNoKey
displaylist/SPCompDListAddr
displaylist/SPCompDirtyAddr
globalvariables/MK1Vars
globalvariables/SPbit2mask
globalvariables/SPbitleft2mask
globalvariables/SPbitright2mask
globalvariables/SPAYconst
globalvariables/SPClipStruct
globalvariables/SPCClipStruct
globalvariables/SPDirtyChars
globalvariables/SPDisplayList
globalvariables/SPkeytranstbl
globalvariables/SPNullSprPtr
globalvariables/SPCompNullSprPtr
globalvariables/SPqueuetable
globalvariables/SPTileArray
c/sp_HeapAdd
c/sp_HeapAdd_callee
c/sp_HeapExtract
c/sp_HeapExtract_callee
c/sp_Heapify
huffman/SPHuffDecode
huffman/SPHuffEncode
input/SPGetKey
input/SPJoyFuller
input/SPJoyKempston
input/SPJoyKeyboard
input/SPJoySinclair1
input/SPJoySinclair2
input/SPJoyTimexEither
input/SPJoyTimexLeft
input/SPJoyTimexRight
input/SPKeyPressed
input/SPLookupKey
input/SPMouseKempston
input/SPMouseAMX
input/SPMouseAMXInit
input/SPMouseSim
input/SPPause
input/SPSetMousePosAMX
input/SPSetMousePosKempston
input/SPSetMousePosSim
input/SPtbllookup
input/SPtmxsetup
input/SPWait
input/SPWaitForKey
input/SPWaitForNoKey
interrupts/SPCreateGenericISR
interrupts/SPEmptyISR
interrupts/SPInitIM2
interrupts/SPInstallISR
interrupts/SPRegisterHookFirst
interrupts/SPRegisterHookLast
interrupts/SPRemoveHook
linkedlist/SPemptylistadd
linkedlist/SPListAdd
linkedlist/SPListAppend
linkedlist/SPListConcat
linkedlist/SPListCount
linkedlist/SPListCreate
linkedlist/SPListCurr
linkedlist/SPListFirst
linkedlist/SPListFree
linkedlist/SPListInsert
linkedlist/SPListLast
linkedlist/SPListNext
linkedlist/SPListPrepend
linkedlist/SPListPrev
linkedlist/SPListRemove
linkedlist/SPListSearch
linkedlist/SPListTrim
miscellaneous/SPBorder
miscellaneous/SPInitialize
miscellaneous/SPIntIvals
miscellaneous/SPIntLargeRect
miscellaneous/SPIntRect
miscellaneous/SPMultDEA
miscellaneous/SPMultDEAC
miscellaneous/SPMultUnsigned
miscellaneous/SPPFill
miscellaneous/SPPtInIval
miscellaneous/SPPtInLargeRect
miscellaneous/SPRandom32
miscellaneous/SPSwap
screenaddress/SPCharUp
screenaddress/SPCharLeft
screenaddress/SPCharRight
screenaddress/SPCharDown
screenaddress/SPGetAttrAddr
screenaddress/SPGetCharAddr
screenaddress/SPGetScrnAddr
screenaddress/SPPixelUp
screenaddress/SPPixelDown
screenaddress/SPPixelLeft
screenaddress/SPPixelRight
sprites/SPAddColSpr
sprites/SPCreateSpr
sprites/SPDeleteSpr
sprites/SPIterateSprChar
sprites/SPMoveSprAbs
sprites/SPMoveSprRel
sprites/SPRemoveDList
updater/SPClearRect
updater/SPInvalidate
updater/SPUpdateNow
updater/SPValidate
